../Core/Src/main.c:69:6:HAL_UART_RxCpltCallback	5
../Core/Src/main.c:97:6:ToUpper	4
../Core/Src/main.c:104:6:ToLower	2
../Core/Src/main.c:111:6:TrimEx	9
../Core/Src/main.c:126:8:Trim	9
../Core/Src/main.c:135:6:CheckCMD	4
../Core/Src/main.c:162:5:main	1
../Core/Src/main.c:216:6:SystemClock_Config	3
../Core/Src/main.c:263:13:MX_USART1_UART_Init	2
../Core/Src/main.c:296:13:MX_USART2_UART_Init	2
../Core/Src/main.c:327:13:MX_DMA_Init	1
../Core/Src/main.c:349:13:MX_GPIO_Init	1
../Core/Src/main.c:389:6:Error_Handler	1
