16:49:18 **** Incremental Build of configuration Debug for project TEST_005_LCD_1602_ADC ****
make -j24 all 
arm-none-eabi-gcc "../Core/Src/main.c" -mcpu=cortex-m4 -std=gnu11 -g3 -DDEBUG -DUSE_HAL_DRIVER -DSTM32F411xE -c -I../Core/Inc -I../Drivers/STM32F4xx_HAL_Driver/Inc -I../Drivers/STM32F4xx_HAL_Driver/Inc/Legacy -I../Drivers/CMSIS/Device/ST/STM32F4xx/Include -I../Drivers/CMSIS/Include -O0 -ffunction-sections -fdata-sections -Wall -fstack-usage -fcyclomatic-complexity -MMD -MP -MF"Core/Src/main.d" -MT"Core/Src/main.o" --specs=nano.specs -mfpu=fpv4-sp-d16 -mfloat-abi=hard -mthumb -o "Core/Src/main.o"
../Core/Src/main.c: In function 'main':
../Core/Src/main.c:110:3: warning: implicit declaration of function 'i2c_init' [-Wimplicit-function-declaration]
  110 |   i2c_init(&hi2c2);
      |   ^~~~~~~~
../Core/Src/main.c:111:3: warning: implicit declaration of function 'i2c_scan' [-Wimplicit-function-declaration]
  111 |   i2c_scan();
      |   ^~~~~~~~
../Core/Src/main.c:112:3: warning: implicit declaration of function 'LCD_init' [-Wimplicit-function-declaration]
  112 |   LCD_init();
      |   ^~~~~~~~
../Core/Src/main.c:113:3: warning: implicit declaration of function 'ProgramStart' [-Wimplicit-function-declaration]
  113 |   ProgramStart("LDC_1602");
      |   ^~~~~~~~~~~~
../Core/Src/main.c:114:29: warning: passing argument 2 of 'HAL_ADC_Start_DMA' from incompatible pointer type [-Wincompatible-pointer-types]
  114 |   HAL_ADC_Start_DMA(&hadc1, val, 2);
      |                             ^~~
      |                             |
      |                             short unsigned int *
In file included from ../Core/Inc/stm32f4xx_hal_conf.h:295,
                 from ../Drivers/STM32F4xx_HAL_Driver/Inc/stm32f4xx_hal.h:29,
                 from ../Core/Inc/main.h:30,
                 from ../Core/Src/main.c:20:
../Drivers/STM32F4xx_HAL_Driver/Inc/stm32f4xx_hal_adc.h:594:72: note: expected 'uint32_t *' {aka 'long unsigned int *'} but argument is of type 'short unsigned int *'
  594 | HAL_StatusTypeDef HAL_ADC_Start_DMA(ADC_HandleTypeDef *hadc, uint32_t *pData, uint32_t Length);
      |                                                              ~~~~~~~~~~^~~~~
../Core/Src/main.c:136:11: warning: implicit declaration of function 'sprintf' [-Wimplicit-function-declaration]
  136 |           sprintf(buf , "TEMP : %-6.1f", tm); LCD_printEx(buf, 0); HAL_Delay(10);
      |           ^~~~~~~
../Core/Src/main.c:21:1: note: include '<stdio.h>' or provide a declaration of 'sprintf'
   20 | #include "main.h"
  +++ |+#include <stdio.h>
   21 | 
../Core/Src/main.c:136:11: warning: incompatible implicit declaration of built-in function 'sprintf' [-Wbuiltin-declaration-mismatch]
  136 |           sprintf(buf , "TEMP : %-6.1f", tm); LCD_printEx(buf, 0); HAL_Delay(10);
      |           ^~~~~~~
../Core/Src/main.c:136:11: note: include '<stdio.h>' or provide a declaration of 'sprintf'
../Core/Src/main.c:136:47: warning: implicit declaration of function 'LCD_printEx' [-Wimplicit-function-declaration]
  136 |           sprintf(buf , "TEMP : %-6.1f", tm); LCD_printEx(buf, 0); HAL_Delay(10);
      |                                               ^~~~~~~~~~~
../Core/Src/main.c:116:8: warning: unused variable 'str' [-Wunused-variable]
  116 |   char str[5];
      |        ^~~
arm-none-eabi-gcc -o "TEST_005_LCD_1602_ADC.elf" @"objects.list"   -mcpu=cortex-m4 -T"C:\Users\user\source\repos\STM32\TEST_005_LCD_1602_ADC\STM32F411RETX_FLASH.ld" --specs=nosys.specs -Wl,-Map="TEST_005_LCD_1602_ADC.map" -Wl,--gc-sections -static --specs=nano.specs -mfpu=fpv4-sp-d16 -mfloat-abi=hard -mthumb -u _printf_float -u _scanf_float -Wl,--start-group -lc -lm -Wl,--end-group
Finished building target: TEST_005_LCD_1602_ADC.elf
 
arm-none-eabi-size  TEST_005_LCD_1602_ADC.elf 
arm-none-eabi-objdump -h -S TEST_005_LCD_1602_ADC.elf  > "TEST_005_LCD_1602_ADC.list"
   text	   data	    bss	    dec	    hex	filename
  41712	    476	   2308	  44496	   add0	TEST_005_LCD_1602_ADC.elf
Finished building: default.size.stdout
 
Finished building: TEST_005_LCD_1602_ADC.list
 

16:49:19 Build Finished. 0 errors, 9 warnings. (took 649ms)

