15:50:42 **** Incremental Build of configuration Debug for project TEST_002_Timer_PWN ****
make -j24 all 
arm-none-eabi-gcc "../Core/Src/main.c" -mcpu=cortex-m4 -std=gnu11 -g3 -DDEBUG -DUSE_HAL_DRIVER -DSTM32F411xE -c -I../Core/Inc -I../Drivers/STM32F4xx_HAL_Driver/Inc -I../Drivers/STM32F4xx_HAL_Driver/Inc/Legacy -I../Drivers/CMSIS/Device/ST/STM32F4xx/Include -I../Drivers/CMSIS/Include -O0 -ffunction-sections -fdata-sections -Wall -fstack-usage -fcyclomatic-complexity -MMD -MP -MF"Core/Src/main.d" -MT"Core/Src/main.o" --specs=nano.specs -mfpu=fpv4-sp-d16 -mfloat-abi=hard -mthumb -o "Core/Src/main.o"
../Core/Src/main.c: In function 'main':
../Core/Src/main.c:96:3: warning: implicit declaration of function 'ProgramStart' [-Wimplicit-function-declaration]
   96 |   ProgramStart("Timer_PWN : LED(LD2) Control");
      |   ^~~~~~~~~~~~
arm-none-eabi-gcc -o "TEST_002_Timer_PWN.elf" @"objects.list"   -mcpu=cortex-m4 -T"C:\Users\user\source\repos\STM32\TEST_002_Timer_PWN\STM32F411RETX_FLASH.ld" --specs=nosys.specs -Wl,-Map="TEST_002_Timer_PWN.map" -Wl,--gc-sections -static --specs=nano.specs -mfpu=fpv4-sp-d16 -mfloat-abi=hard -mthumb -Wl,--start-group -lc -lm -Wl,--end-group
Finished building target: TEST_002_Timer_PWN.elf
 
arm-none-eabi-size  TEST_002_Timer_PWN.elf 
arm-none-eabi-objdump -h -S TEST_002_Timer_PWN.elf  > "TEST_002_Timer_PWN.list"
   text	   data	    bss	    dec	    hex	filename
  18300	    112	   2048	  20460	   4fec	TEST_002_Timer_PWN.elf
Finished building: default.size.stdout
 
Finished building: TEST_002_Timer_PWN.list
 

15:50:43 Build Finished. 0 errors, 1 warnings. (took 648ms)

