15:13:43 **** Incremental Build of configuration Debug for project TEST_002_Timer_INTR ****
make -j24 all 
arm-none-eabi-gcc "../Core/Src/main.c" -mcpu=cortex-m4 -std=gnu11 -g3 -DDEBUG -DUSE_HAL_DRIVER -DSTM32F411xE -c -I../Core/Inc -I../Drivers/STM32F4xx_HAL_Driver/Inc -I../Drivers/STM32F4xx_HAL_Driver/Inc/Legacy -I../Drivers/CMSIS/Device/ST/STM32F4xx/Include -I../Drivers/CMSIS/Include -O0 -ffunction-sections -fdata-sections -Wall -fstack-usage -fcyclomatic-complexity -MMD -MP -MF"Core/Src/main.d" -MT"Core/Src/main.o" --specs=nano.specs -mfpu=fpv4-sp-d16 -mfloat-abi=hard -mthumb -o "Core/Src/main.o"
../Core/Src/main.c: In function 'main':
../Core/Src/main.c:114:3: warning: implicit declaration of function 'ProgramStart' [-Wimplicit-function-declaration]
  114 |   ProgramStart("Timer_Clock");
      |   ^~~~~~~~~~~~
../Core/Src/main.c:123:11: warning: implicit declaration of function 'Cursor' [-Wimplicit-function-declaration]
  123 |           Cursor(30,10);
      |           ^~~~~~
../Core/Src/main.c:124:11: warning: implicit declaration of function 'printf' [-Wimplicit-function-declaration]
  124 |           printf("%02d : %02d : %02d",h ,m ,s);
      |           ^~~~~~
../Core/Src/main.c:21:1: note: include '<stdio.h>' or provide a declaration of 'printf'
   20 | #include "main.h"
  +++ |+#include <stdio.h>
   21 | 
../Core/Src/main.c:124:11: warning: incompatible implicit declaration of built-in function 'printf' [-Wbuiltin-declaration-mismatch]
  124 |           printf("%02d : %02d : %02d",h ,m ,s);
      |           ^~~~~~
../Core/Src/main.c:124:11: note: include '<stdio.h>' or provide a declaration of 'printf'
arm-none-eabi-gcc -o "TEST_002_Timer_INTR.elf" @"objects.list"   -mcpu=cortex-m4 -T"C:\Users\user\source\repos\STM32\TEST_002_Timer_INTR\STM32F411RETX_FLASH.ld" --specs=nosys.specs -Wl,-Map="TEST_002_Timer_INTR.map" -Wl,--gc-sections -static --specs=nano.specs -mfpu=fpv4-sp-d16 -mfloat-abi=hard -mthumb -Wl,--start-group -lc -lm -Wl,--end-group
Finished building target: TEST_002_Timer_INTR.elf
 
arm-none-eabi-size  TEST_002_Timer_INTR.elf 
arm-none-eabi-objdump -h -S TEST_002_Timer_INTR.elf  > "TEST_002_Timer_INTR.list"
   text	   data	    bss	    dec	    hex	filename
  16544	    116	   2060	  18720	   4920	TEST_002_Timer_INTR.elf
Finished building: default.size.stdout
 
Finished building: TEST_002_Timer_INTR.list
 

15:13:43 Build Finished. 0 errors, 4 warnings. (took 646ms)

