16:40:30 **** Incremental Build of configuration Debug for project TEST_005_Mission ****
make -j24 all 
arm-none-eabi-gcc "../Core/Src/main.c" -mcpu=cortex-m4 -std=gnu11 -g3 -DDEBUG -DUSE_HAL_DRIVER -DSTM32F411xE -c -I../Core/Inc -I../Drivers/STM32F4xx_HAL_Driver/Inc -I../Drivers/STM32F4xx_HAL_Driver/Inc/Legacy -I../Drivers/CMSIS/Device/ST/STM32F4xx/Include -I../Drivers/CMSIS/Include -O0 -ffunction-sections -fdata-sections -Wall -fstack-usage -fcyclomatic-complexity -MMD -MP -MF"Core/Src/main.d" -MT"Core/Src/main.o" --specs=nano.specs -mfpu=fpv4-sp-d16 -mfloat-abi=hard -mthumb -o "Core/Src/main.o"
../Core/Src/main.c: In function 'main':
../Core/Src/main.c:124:3: warning: implicit declaration of function 'ProgramStart' [-Wimplicit-function-declaration]
  124 |   ProgramStart("LCD1602_Mission");
      |   ^~~~~~~~~~~~
../Core/Src/main.c:136:11: warning: implicit declaration of function 'printf' [-Wimplicit-function-declaration]
  136 |           printf("Current ADC Value : (%d, %d)\r\n", val1, val2);
      |           ^~~~~~
../Core/Src/main.c:21:1: note: include '<stdio.h>' or provide a declaration of 'printf'
   20 | #include "main.h"
  +++ |+#include <stdio.h>
   21 | 
../Core/Src/main.c:136:11: warning: incompatible implicit declaration of built-in function 'printf' [-Wbuiltin-declaration-mismatch]
  136 |           printf("Current ADC Value : (%d, %d)\r\n", val1, val2);
      |           ^~~~~~
../Core/Src/main.c:136:11: note: include '<stdio.h>' or provide a declaration of 'printf'
../Core/Src/main.c:138:11: warning: implicit declaration of function 'sprintf' [-Wimplicit-function-declaration]
  138 |           sprintf(str , "%04d", val1);
      |           ^~~~~~~
../Core/Src/main.c:138:11: note: include '<stdio.h>' or provide a declaration of 'sprintf'
../Core/Src/main.c:138:11: warning: incompatible implicit declaration of built-in function 'sprintf' [-Wbuiltin-declaration-mismatch]
../Core/Src/main.c:138:11: note: include '<stdio.h>' or provide a declaration of 'sprintf'
../Core/Src/main.c:139:11: warning: implicit declaration of function 'LCD_printEx' [-Wimplicit-function-declaration]
  139 |           LCD_printEx(str, 0);
      |           ^~~~~~~~~~~
arm-none-eabi-gcc -o "TEST_005_Mission.elf" @"objects.list"   -mcpu=cortex-m4 -T"C:\Users\user\source\repos\STM32\TEST_005_Mission\STM32F411RETX_FLASH.ld" --specs=nosys.specs -Wl,-Map="TEST_005_Mission.map" -Wl,--gc-sections -static --specs=nano.specs -mfpu=fpv4-sp-d16 -mfloat-abi=hard -mthumb -Wl,--start-group -lc -lm -Wl,--end-group
Finished building target: TEST_005_Mission.elf
 
arm-none-eabi-size  TEST_005_Mission.elf 
arm-none-eabi-objdump -h -S TEST_005_Mission.elf  > "TEST_005_Mission.list"
   text	   data	    bss	    dec	    hex	filename
  22352	    112	   2216	  24680	   6068	TEST_005_Mission.elf
Finished building: default.size.stdout
 
Finished building: TEST_005_Mission.list
 

16:40:30 Build Finished. 0 errors, 6 warnings. (took 648ms)

