20:14:46 **** Incremental Build of configuration Debug for project TEST_004_ABC ****
make -j24 all 
arm-none-eabi-gcc "C:/Users/user/source/repos/STM32/myLib/myLib.c" -mcpu=cortex-m4 -std=gnu11 -g3 -DDEBUG -DUSE_HAL_DRIVER -DSTM32F411xE -c -I../Core/Inc -I../Drivers/STM32F4xx_HAL_Driver/Inc -I../Drivers/STM32F4xx_HAL_Driver/Inc/Legacy -I../Drivers/CMSIS/Device/ST/STM32F4xx/Include -I../Drivers/CMSIS/Include -O0 -ffunction-sections -fdata-sections -Wall -fstack-usage -fcyclomatic-complexity -MMD -MP -MF"Core/Src/myLib.d" -MT"Core/Src/myLib.o" --specs=nano.specs -mfpu=fpv4-sp-d16 -mfloat-abi=hard -mthumb -o "Core/Src/myLib.o"
C:/Users/user/source/repos/STM32/myLib/myLib.c: In function '__io_putchar':
C:/Users/user/source/repos/STM32/myLib/myLib.c:16:31: warning: passing argument 2 of 'HAL_UART_Transmit' from incompatible pointer type [-Wincompatible-pointer-types]
   16 |    HAL_UART_Transmit(&huart2, &ch, 1, 10); // size(byte), timeout(ms)
      |                               ^~~
      |                               |
      |                               int *
In file included from ../Core/Inc/stm32f4xx_hal_conf.h:411,
                 from ../Drivers/STM32F4xx_HAL_Driver/Inc/stm32f4xx_hal.h:29,
                 from ../Core/Inc/main.h:30,
                 from C:/Users/user/source/repos/STM32/myLib/myLib.c:8:
../Drivers/STM32F4xx_HAL_Driver/Inc/stm32f4xx_hal_uart.h:745:79: note: expected 'const uint8_t *' {aka 'const unsigned char *'} but argument is of type 'int *'
  745 | HAL_StatusTypeDef HAL_UART_Transmit(UART_HandleTypeDef *huart, const uint8_t *pData, uint16_t Size, uint32_t Timeout);
      |                                                                ~~~~~~~~~~~~~~~^~~~~
C:/Users/user/source/repos/STM32/myLib/myLib.c: In function 'ProgramStart':
C:/Users/user/source/repos/STM32/myLib/myLib.c:26:4: warning: implicit declaration of function 'cls' [-Wimplicit-function-declaration]
   26 |    cls();
      |    ^~~
C:/Users/user/source/repos/STM32/myLib/myLib.c:27:4: warning: implicit declaration of function 'Cursor' [-Wimplicit-function-declaration]
   27 |    Cursor(0,0);
      |    ^~~~~~
C:/Users/user/source/repos/STM32/myLib/myLib.c:28:4: warning: implicit declaration of function 'printf' [-Wimplicit-function-declaration]
   28 |    printf("Program Name - %s\r\n", str);
      |    ^~~~~~
C:/Users/user/source/repos/STM32/myLib/myLib.c:10:1: note: include '<stdio.h>' or provide a declaration of 'printf'
    9 | #include "C:\Users\user\STM32Cube\Repository\STM32Cube_FW_F4_V1.28.1\Drivers\STM32F4xx_HAL_Driver\Inc\stm32f4xx_hal_i2c.h"
  +++ |+#include <stdio.h>
   10 | 
C:/Users/user/source/repos/STM32/myLib/myLib.c:28:4: warning: incompatible implicit declaration of built-in function 'printf' [-Wbuiltin-declaration-mismatch]
   28 |    printf("Program Name - %s\r\n", str);
      |    ^~~~~~
C:/Users/user/source/repos/STM32/myLib/myLib.c:28:4: note: include '<stdio.h>' or provide a declaration of 'printf'
C:/Users/user/source/repos/STM32/myLib/myLib.c: At top level:
C:/Users/user/source/repos/STM32/myLib/myLib.c:32:6: warning: conflicting types for 'cls'; have 'void()'
   32 | void cls()
      |      ^~~
C:/Users/user/source/repos/STM32/myLib/myLib.c:26:4: note: previous implicit declaration of 'cls' with type 'void()'
   26 |    cls();
      |    ^~~
C:/Users/user/source/repos/STM32/myLib/myLib.c: In function 'cls':
C:/Users/user/source/repos/STM32/myLib/myLib.c:34:9: warning: incompatible implicit declaration of built-in function 'printf' [-Wbuiltin-declaration-mismatch]
   34 |         printf("\033[2J");
      |         ^~~~~~
C:/Users/user/source/repos/STM32/myLib/myLib.c:34:9: note: include '<stdio.h>' or provide a declaration of 'printf'
C:/Users/user/source/repos/STM32/myLib/myLib.c: At top level:
C:/Users/user/source/repos/STM32/myLib/myLib.c:36:6: warning: conflicting types for 'Cursor'; have 'void(int,  int)'
   36 | void Cursor(int x, int y)
      |      ^~~~~~
C:/Users/user/source/repos/STM32/myLib/myLib.c:27:4: note: previous implicit declaration of 'Cursor' with type 'void(int,  int)'
   27 |    Cursor(0,0);
      |    ^~~~~~
C:/Users/user/source/repos/STM32/myLib/myLib.c: In function 'Cursor':
C:/Users/user/source/repos/STM32/myLib/myLib.c:39:9: warning: implicit declaration of function 'sprintf' [-Wimplicit-function-declaration]
   39 |         sprintf(buf, "\033[%d;%dH", y, x);      //sprintf( buffer, "%d",a,b) console?ù¥ ?ïÑ?ãà?ùº Î¨∏Ïûê?ó¥ bufÎ°? Ï∂úÎ†•
      |         ^~~~~~~
C:/Users/user/source/repos/STM32/myLib/myLib.c:39:9: note: include '<stdio.h>' or provide a declaration of 'sprintf'
C:/Users/user/source/repos/STM32/myLib/myLib.c:39:9: warning: incompatible implicit declaration of built-in function 'sprintf' [-Wbuiltin-declaration-mismatch]
C:/Users/user/source/repos/STM32/myLib/myLib.c:39:9: note: include '<stdio.h>' or provide a declaration of 'sprintf'
C:/Users/user/source/repos/STM32/myLib/myLib.c:40:9: warning: incompatible implicit declaration of built-in function 'printf' [-Wbuiltin-declaration-mismatch]
   40 |         printf("%s",buf);                                       //Î∞©Î≤ï 2 puts(buf) putsÎ¨∏Ïûê?ó¥ Ï∂úÎ†• ?ï®?àò
      |         ^~~~~~
C:/Users/user/source/repos/STM32/myLib/myLib.c:40:9: note: include '<stdio.h>' or provide a declaration of 'printf'
arm-none-eabi-gcc -o "TEST_004_ABC.elf" @"objects.list"   -mcpu=cortex-m4 -T"C:\Users\user\source\repos\STM32\TEST_004_ABC\STM32F411RETX_FLASH.ld" --specs=nosys.specs -Wl,-Map="TEST_004_ABC.map" -Wl,--gc-sections -static --specs=nano.specs -mfpu=fpv4-sp-d16 -mfloat-abi=hard -mthumb -Wl,--start-group -lc -lm -Wl,--end-group
Finished building target: TEST_004_ABC.elf
 
arm-none-eabi-size  TEST_004_ABC.elf 
arm-none-eabi-objdump -h -S TEST_004_ABC.elf  > "TEST_004_ABC.list"
   text	   data	    bss	    dec	    hex	filename
  16496	    112	   2048	  18656	   48e0	TEST_004_ABC.elf
Finished building: default.size.stdout
 
Finished building: TEST_004_ABC.list
 

20:14:46 Build Finished. 0 errors, 11 warnings. (took 590ms)

