11:50:41 **** Incremental Build of configuration Debug for project TEST_003_UART ****
make -j24 all 
arm-none-eabi-gcc "../Core/Src/main.c" -mcpu=cortex-m4 -std=gnu11 -g3 -DDEBUG -DUSE_HAL_DRIVER -DSTM32F411xE -c -I../Core/Inc -I../Drivers/STM32F4xx_HAL_Driver/Inc -I../Drivers/STM32F4xx_HAL_Driver/Inc/Legacy -I../Drivers/CMSIS/Device/ST/STM32F4xx/Include -I../Drivers/CMSIS/Include -O0 -ffunction-sections -fdata-sections -Wall -fstack-usage -fcyclomatic-complexity -MMD -MP -MF"Core/Src/main.d" -MT"Core/Src/main.o" --specs=nano.specs -mfpu=fpv4-sp-d16 -mfloat-abi=hard -mthumb -o "Core/Src/main.o"
../Core/Src/main.c: In function 'main':
../Core/Src/main.c:97:3: warning: implicit declaration of function 'ProgramStart' [-Wimplicit-function-declaration]
   97 |   ProgramStart("UART");
      |   ^~~~~~~~~~~~
../Core/Src/main.c:98:7: warning: unused variable 'count' [-Wunused-variable]
   98 |   int count = 0;
      |       ^~~~~
arm-none-eabi-gcc -o "TEST_003_UART.elf" @"objects.list"   -mcpu=cortex-m4 -T"C:\Users\user\source\repos\STM32\TEST003\STM32F411RETX_FLASH.ld" --specs=nosys.specs -Wl,-Map="TEST_003_UART.map" -Wl,--gc-sections -static --specs=nano.specs -mfpu=fpv4-sp-d16 -mfloat-abi=hard -mthumb -u _printf_float -u _scanf_float -Wl,--start-group -lc -lm -Wl,--end-group
Finished building target: TEST_003_UART.elf
 
arm-none-eabi-size  TEST_003_UART.elf 
arm-none-eabi-objdump -h -S TEST_003_UART.elf  > "TEST_003_UART.list"
   text	   data	    bss	    dec	    hex	filename
  34972	    476	   1980	  37428	   9234	TEST_003_UART.elf
Finished building: default.size.stdout
 
Finished building: TEST_003_UART.list
 

11:50:42 Build Finished. 0 errors, 2 warnings. (took 587ms)

