14:34:40 **** Incremental Build of configuration Debug for project TEST_007_Servo ****
make -j24 all 
arm-none-eabi-gcc "../Core/Src/main.c" -mcpu=cortex-m4 -std=gnu11 -g3 -DDEBUG -DUSE_HAL_DRIVER -DSTM32F411xE -c -I../Core/Inc -I../Drivers/STM32F4xx_HAL_Driver/Inc -I../Drivers/STM32F4xx_HAL_Driver/Inc/Legacy -I../Drivers/CMSIS/Device/ST/STM32F4xx/Include -I../Drivers/CMSIS/Include -O0 -ffunction-sections -fdata-sections -Wall -fstack-usage -fcyclomatic-complexity -MMD -MP -MF"Core/Src/main.d" -MT"Core/Src/main.o" --specs=nano.specs -mfpu=fpv4-sp-d16 -mfloat-abi=hard -mthumb -o "Core/Src/main.o"
../Core/Src/main.c: In function 'main':
../Core/Src/main.c:102:3: warning: implicit declaration of function 'ProgramStart' [-Wimplicit-function-declaration]
  102 |   ProgramStart("Motor Control - Servo");
      |   ^~~~~~~~~~~~
../Core/Src/main.c:109:3: warning: implicit declaration of function 'printf' [-Wimplicit-function-declaration]
  109 |   printf("ARR : %d min :%d max : %d\r\n", htim3.Instance->ARR, min , max);
      |   ^~~~~~
../Core/Src/main.c:21:1: note: include '<stdio.h>' or provide a declaration of 'printf'
   20 | #include "main.h"
  +++ |+#include <stdio.h>
   21 | 
../Core/Src/main.c:109:3: warning: incompatible implicit declaration of built-in function 'printf' [-Wbuiltin-declaration-mismatch]
  109 |   printf("ARR : %d min :%d max : %d\r\n", htim3.Instance->ARR, min , max);
      |   ^~~~~~
../Core/Src/main.c:109:3: note: include '<stdio.h>' or provide a declaration of 'printf'
../Core/Src/main.c:109:18: warning: format '%d' expects argument of type 'int', but argument 2 has type 'uint32_t' {aka 'long unsigned int'} [-Wformat=]
  109 |   printf("ARR : %d min :%d max : %d\r\n", htim3.Instance->ARR, min , max);
      |                 ~^                        ~~~~~~~~~~~~~~~~~~~
      |                  |                                      |
      |                  int                                    uint32_t {aka long unsigned int}
      |                 %ld
../Core/Src/main.c:124:31: warning: implicit declaration of function 'scanf' [-Wimplicit-function-declaration]
  124 |      printf("Input angle :"); scanf("%d",&cval);
      |                               ^~~~~
../Core/Src/main.c:124:31: note: include '<stdio.h>' or provide a declaration of 'scanf'
../Core/Src/main.c:124:31: warning: incompatible implicit declaration of built-in function 'scanf' [-Wbuiltin-declaration-mismatch]
../Core/Src/main.c:124:31: note: include '<stdio.h>' or provide a declaration of 'scanf'
../Core/Src/main.c:100:19: warning: unused variable 'dr' [-Wunused-variable]
  100 |   int cval = min, dr = 1;
      |                   ^~
arm-none-eabi-gcc -o "TEST_007_Servo.elf" @"objects.list"   -mcpu=cortex-m4 -T"C:\Users\user\source\repos\STM32\TEST_007_Servo\STM32F411RETX_FLASH.ld" --specs=nosys.specs -Wl,-Map="TEST_007_Servo.map" -Wl,--gc-sections -static --specs=nano.specs -mfpu=fpv4-sp-d16 -mfloat-abi=hard -mthumb -Wl,--start-group -lc -lm -Wl,--end-group
Finished building target: TEST_007_Servo.elf
 
arm-none-eabi-size  TEST_007_Servo.elf 
arm-none-eabi-objdump -h -S TEST_007_Servo.elf  > "TEST_007_Servo.list"
   text	   data	    bss	    dec	    hex	filename
  21692	    112	   2048	  23852	   5d2c	TEST_007_Servo.elf
Finished building: default.size.stdout
 
Finished building: TEST_007_Servo.list
 

14:34:41 Build Finished. 0 errors, 7 warnings. (took 588ms)

