14:07:46 **** Incremental Build of configuration Debug for project TEST_006_uSonic_INTR ****
make -j24 all 
arm-none-eabi-gcc "../Core/Src/main.c" -mcpu=cortex-m4 -std=gnu11 -g3 -DDEBUG -DUSE_HAL_DRIVER -DSTM32F411xE -c -I../Core/Inc -I"C:/Users/user/source/repos/STM32/myLib" -I../Drivers/STM32F4xx_HAL_Driver/Inc -I../Drivers/STM32F4xx_HAL_Driver/Inc/Legacy -I../Drivers/CMSIS/Device/ST/STM32F4xx/Include -I../Drivers/CMSIS/Include -O0 -ffunction-sections -fdata-sections -Wall -fstack-usage -fcyclomatic-complexity -MMD -MP -MF"Core/Src/main.d" -MT"Core/Src/main.o" --specs=nano.specs -mfpu=fpv4-sp-d16 -mfloat-abi=hard -mthumb -o "Core/Src/main.o"
../Core/Src/main.c: In function 'HAL_TIM_PeriodElapsedCallback':
../Core/Src/main.c:88:9: warning: implicit declaration of function 'Trigger' [-Wimplicit-function-declaration]
   88 |         Trigger();
      |         ^~~~~~~
../Core/Src/main.c: In function 'main':
../Core/Src/main.c:126:3: warning: implicit declaration of function 'ProgramStart' [-Wimplicit-function-declaration]
  126 |   ProgramStart("uSonic Test_ GPIO Interrupt");
      |   ^~~~~~~~~~~~
../Core/Src/main.c:136:11: warning: implicit declaration of function 'printf' [-Wimplicit-function-declaration]
  136 |           printf("Distance : %f\r\n", dist);
      |           ^~~~~~
../Core/Src/main.c:21:1: note: include '<stdio.h>' or provide a declaration of 'printf'
   20 | #include "main.h"
  +++ |+#include <stdio.h>
   21 | 
../Core/Src/main.c:136:11: warning: incompatible implicit declaration of built-in function 'printf' [-Wbuiltin-declaration-mismatch]
  136 |           printf("Distance : %f\r\n", dist);
      |           ^~~~~~
../Core/Src/main.c:136:11: note: include '<stdio.h>' or provide a declaration of 'printf'
arm-none-eabi-gcc -o "TEST_006_uSonic_INTR.elf" @"objects.list"   -mcpu=cortex-m4 -T"C:\Users\user\source\repos\STM32\TEST_006_uSonic_INTR\STM32F411RETX_FLASH.ld" --specs=nosys.specs -Wl,-Map="TEST_006_uSonic_INTR.map" -Wl,--gc-sections -static -u _printf_float --specs=nano.specs -mfpu=fpv4-sp-d16 -mfloat-abi=hard -mthumb -u _printf_float -u _scanf_float -Wl,--start-group -lc -lm -Wl,--end-group
Finished building target: TEST_006_uSonic_INTR.elf
 
arm-none-eabi-size  TEST_006_uSonic_INTR.elf 
arm-none-eabi-objdump -h -S TEST_006_uSonic_INTR.elf  > "TEST_006_uSonic_INTR.list"
   text	   data	    bss	    dec	    hex	filename
  35416	    476	   2136	  38028	   948c	TEST_006_uSonic_INTR.elf
Finished building: default.size.stdout
 
Finished building: TEST_006_uSonic_INTR.list
 

14:07:47 Build Finished. 0 errors, 4 warnings. (took 691ms)

