15:16:44 **** Incremental Build of configuration Debug for project TEST_007_Door ****
make -j24 all 
arm-none-eabi-gcc "../Core/Src/main.c" -mcpu=cortex-m4 -std=gnu11 -g3 -DDEBUG -DUSE_HAL_DRIVER -DSTM32F411xE -c -I../Core/Inc -I../Drivers/STM32F4xx_HAL_Driver/Inc -I../Drivers/STM32F4xx_HAL_Driver/Inc/Legacy -I../Drivers/CMSIS/Device/ST/STM32F4xx/Include -I../Drivers/CMSIS/Include -O0 -ffunction-sections -fdata-sections -Wall -fstack-usage -fcyclomatic-complexity -MMD -MP -MF"Core/Src/main.d" -MT"Core/Src/main.o" --specs=nano.specs -mfpu=fpv4-sp-d16 -mfloat-abi=hard -mthumb -o "Core/Src/main.o"
../Core/Src/main.c: In function 'HAL_TIM_PeriodElapsedCallback':
../Core/Src/main.c:87:9: warning: implicit declaration of function 'Trigger' [-Wimplicit-function-declaration]
   87 |         Trigger();
      |         ^~~~~~~
../Core/Src/main.c: In function 'main':
../Core/Src/main.c:127:3: warning: implicit declaration of function 'ProgramStart' [-Wimplicit-function-declaration]
  127 |   ProgramStart("Motor Control - STATE");
      |   ^~~~~~~~~~~~
../Core/Src/main.c:139:19: warning: implicit declaration of function 'printf' [-Wimplicit-function-declaration]
  139 |                   printf("Distance : %f\r\n", dist);
      |                   ^~~~~~
../Core/Src/main.c:21:1: note: include '<stdio.h>' or provide a declaration of 'printf'
   20 | #include "main.h"
  +++ |+#include <stdio.h>
   21 | 
../Core/Src/main.c:139:19: warning: incompatible implicit declaration of built-in function 'printf' [-Wbuiltin-declaration-mismatch]
  139 |                   printf("Distance : %f\r\n", dist);
      |                   ^~~~~~
../Core/Src/main.c:139:19: note: include '<stdio.h>' or provide a declaration of 'printf'
../Core/Src/main.c:131:7: warning: unused variable 'st' [-Wunused-variable]
  131 |   int st = 0;
      |       ^~
arm-none-eabi-gcc -o "TEST_007_Door.elf" @"objects.list"   -mcpu=cortex-m4 -T"C:\Users\user\source\repos\STM32\TEST_007_Door\STM32F411RETX_FLASH.ld" --specs=nosys.specs -Wl,-Map="TEST_007_Door.map" -Wl,--gc-sections -static --specs=nano.specs -mfpu=fpv4-sp-d16 -mfloat-abi=hard -mthumb -u _printf_float -u _scanf_float -Wl,--start-group -lc -lm -Wl,--end-group
Finished building target: TEST_007_Door.elf
 
arm-none-eabi-size  TEST_007_Door.elf 
arm-none-eabi-objdump -h -S TEST_007_Door.elf  > "TEST_007_Door.list"
   text	   data	    bss	    dec	    hex	filename
  37296	    476	   2208	  39980	   9c2c	TEST_007_Door.elf
Finished building: default.size.stdout
 
Finished building: TEST_007_Door.list
 

15:16:45 Build Finished. 0 errors, 5 warnings. (took 584ms)

