16:58:23 **** Incremental Build of configuration Debug for project TEST_009_Bluetooth ****
make -j24 all 
arm-none-eabi-gcc "../Core/Src/main.c" -mcpu=cortex-m4 -std=gnu11 -g3 -DDEBUG -DUSE_HAL_DRIVER -DSTM32F411xE -c -I../Core/Inc -I../Drivers/STM32F4xx_HAL_Driver/Inc -I../Drivers/STM32F4xx_HAL_Driver/Inc/Legacy -I../Drivers/CMSIS/Device/ST/STM32F4xx/Include -I../Drivers/CMSIS/Include -O0 -ffunction-sections -fdata-sections -Wall -fstack-usage -fcyclomatic-complexity -MMD -MP -MF"Core/Src/main.d" -MT"Core/Src/main.o" --specs=nano.specs -mfpu=fpv4-sp-d16 -mfloat-abi=hard -mthumb -o "Core/Src/main.o"
../Core/Src/main.c: In function 'HAL_UART_RxCpltCallback':
../Core/Src/main.c:74:34: warning: pointer targets in passing argument 2 of 'HAL_UART_Transmit' differ in signedness [-Wpointer-sign]
   74 |       HAL_UART_Transmit(&huart2, &dum1, 1, 10); // huart, data, size, Timeout
      |                                  ^~~~~
      |                                  |
      |                                  char *
In file included from ../Core/Inc/stm32f4xx_hal_conf.h:411,
                 from ../Drivers/STM32F4xx_HAL_Driver/Inc/stm32f4xx_hal.h:29,
                 from ../Core/Inc/main.h:30,
                 from ../Core/Src/main.c:20:
../Drivers/STM32F4xx_HAL_Driver/Inc/stm32f4xx_hal_uart.h:745:79: note: expected 'const uint8_t *' {aka 'const unsigned char *'} but argument is of type 'char *'
  745 | HAL_StatusTypeDef HAL_UART_Transmit(UART_HandleTypeDef *huart, const uint8_t *pData, uint16_t Size, uint32_t Timeout);
      |                                                                ~~~~~~~~~~~~~~~^~~~~
../Core/Src/main.c:77:11: warning: implicit declaration of function 'CheckCMD' [-Wimplicit-function-declaration]
   77 |           CheckCMD(buf1);
      |           ^~~~~~~~
../Core/Src/main.c:80:36: warning: pointer targets in passing argument 2 of 'HAL_UART_Receive_IT' differ in signedness [-Wpointer-sign]
   80 |       HAL_UART_Receive_IT(&huart1, &dum1, 1);
      |                                    ^~~~~
      |                                    |
      |                                    char *
In file included from ../Core/Inc/stm32f4xx_hal_conf.h:411,
                 from ../Drivers/STM32F4xx_HAL_Driver/Inc/stm32f4xx_hal.h:29,
                 from ../Core/Inc/main.h:30,
                 from ../Core/Src/main.c:20:
../Drivers/STM32F4xx_HAL_Driver/Inc/stm32f4xx_hal_uart.h:748:75: note: expected 'uint8_t *' {aka 'unsigned char *'} but argument is of type 'char *'
  748 | HAL_StatusTypeDef HAL_UART_Receive_IT(UART_HandleTypeDef *huart, uint8_t *pData, uint16_t Size);
      |                                                                  ~~~~~~~~~^~~~~
../Core/Src/main.c:85:34: warning: pointer targets in passing argument 2 of 'HAL_UART_Transmit' differ in signedness [-Wpointer-sign]
   85 |       HAL_UART_Transmit(&huart2, &dum2, 1, 10); // huart, data, size, Timeout... Terminal Echo
      |                                  ^~~~~
      |                                  |
      |                                  char *
In file included from ../Core/Inc/stm32f4xx_hal_conf.h:411,
                 from ../Drivers/STM32F4xx_HAL_Driver/Inc/stm32f4xx_hal.h:29,
                 from ../Core/Inc/main.h:30,
                 from ../Core/Src/main.c:20:
../Drivers/STM32F4xx_HAL_Driver/Inc/stm32f4xx_hal_uart.h:745:79: note: expected 'const uint8_t *' {aka 'const unsigned char *'} but argument is of type 'char *'
  745 | HAL_StatusTypeDef HAL_UART_Transmit(UART_HandleTypeDef *huart, const uint8_t *pData, uint16_t Size, uint32_t Timeout);
      |                                                                ~~~~~~~~~~~~~~~^~~~~
../Core/Src/main.c:89:37: warning: pointer targets in passing argument 2 of 'HAL_UART_Transmit' differ in signedness [-Wpointer-sign]
   89 |          HAL_UART_Transmit(&huart2, "\n", 1, 10); // huart, data, size, Timeout... Terminal Echo
      |                                     ^~~~
      |                                     |
      |                                     char *
In file included from ../Core/Inc/stm32f4xx_hal_conf.h:411,
                 from ../Drivers/STM32F4xx_HAL_Driver/Inc/stm32f4xx_hal.h:29,
                 from ../Core/Inc/main.h:30,
                 from ../Core/Src/main.c:20:
../Drivers/STM32F4xx_HAL_Driver/Inc/stm32f4xx_hal_uart.h:745:79: note: expected 'const uint8_t *' {aka 'const unsigned char *'} but argument is of type 'char *'
  745 | HAL_StatusTypeDef HAL_UART_Transmit(UART_HandleTypeDef *huart, const uint8_t *pData, uint16_t Size, uint32_t Timeout);
      |                                                                ~~~~~~~~~~~~~~~^~~~~
../Core/Src/main.c:91:37: warning: pointer targets in passing argument 2 of 'HAL_UART_Transmit' differ in signedness [-Wpointer-sign]
   91 |          HAL_UART_Transmit(&huart1, buf2, t2, 10); // huart, data, size, Timeout... AT Command
      |                                     ^~~~
      |                                     |
      |                                     char *
In file included from ../Core/Inc/stm32f4xx_hal_conf.h:411,
                 from ../Drivers/STM32F4xx_HAL_Driver/Inc/stm32f4xx_hal.h:29,
                 from ../Core/Inc/main.h:30,
                 from ../Core/Src/main.c:20:
../Drivers/STM32F4xx_HAL_Driver/Inc/stm32f4xx_hal_uart.h:745:79: note: expected 'const uint8_t *' {aka 'const unsigned char *'} but argument is of type 'char *'
  745 | HAL_StatusTypeDef HAL_UART_Transmit(UART_HandleTypeDef *huart, const uint8_t *pData, uint16_t Size, uint32_t Timeout);
      |                                                                ~~~~~~~~~~~~~~~^~~~~
../Core/Src/main.c:94:36: warning: pointer targets in passing argument 2 of 'HAL_UART_Receive_IT' differ in signedness [-Wpointer-sign]
   94 |       HAL_UART_Receive_IT(&huart2, &dum2, 1);
      |                                    ^~~~~
      |                                    |
      |                                    char *
In file included from ../Core/Inc/stm32f4xx_hal_conf.h:411,
                 from ../Drivers/STM32F4xx_HAL_Driver/Inc/stm32f4xx_hal.h:29,
                 from ../Core/Inc/main.h:30,
                 from ../Core/Src/main.c:20:
../Drivers/STM32F4xx_HAL_Driver/Inc/stm32f4xx_hal_uart.h:748:75: note: expected 'uint8_t *' {aka 'unsigned char *'} but argument is of type 'char *'
  748 | HAL_StatusTypeDef HAL_UART_Receive_IT(UART_HandleTypeDef *huart, uint8_t *pData, uint16_t Size);
      |                                                                  ~~~~~~~~~^~~~~
../Core/Src/main.c: In function 'ToUpper':
../Core/Src/main.c:101:17: warning: this 'if' clause does not guard... [-Wmisleading-indentation]
  101 |                 if(*s >= 'a' && *s <= 'z') *s &= ~0xDF; s++;
      |                 ^~
../Core/Src/main.c:101:57: note: ...this statement, but the latter is misleadingly indented as if it were guarded by the 'if'
  101 |                 if(*s >= 'a' && *s <= 'z') *s &= ~0xDF; s++;
      |                                                         ^
../Core/Src/main.c: In function 'ToLower':
../Core/Src/main.c:108:44: warning: statement with no effect [-Wunused-value]
  108 |                 if(*s >= 'A' && *s <= 'Z') *s != ~0x20; s++;
      |                                            ^
../Core/Src/main.c:108:17: warning: this 'if' clause does not guard... [-Wmisleading-indentation]
  108 |                 if(*s >= 'A' && *s <= 'Z') *s != ~0x20; s++;
      |                 ^~
../Core/Src/main.c:108:57: note: ...this statement, but the latter is misleadingly indented as if it were guarded by the 'if'
  108 |                 if(*s >= 'A' && *s <= 'Z') *s != ~0x20; s++;
      |                                                         ^
../Core/Src/main.c: In function 'TrimEx':
../Core/Src/main.c:113:24: warning: implicit declaration of function 'strlen' [-Wimplicit-function-declaration]
  113 |         int h = 0, t = strlen(s) - 1;
      |                        ^~~~~~
../Core/Src/main.c:21:1: note: include '<string.h>' or provide a declaration of 'strlen'
   20 | #include "main.h"
  +++ |+#include <string.h>
   21 | 
../Core/Src/main.c:113:24: warning: incompatible implicit declaration of built-in function 'strlen' [-Wbuiltin-declaration-mismatch]
  113 |         int h = 0, t = strlen(s) - 1;
      |                        ^~~~~~
../Core/Src/main.c:113:24: note: include '<string.h>' or provide a declaration of 'strlen'
../Core/Src/main.c:116:43: warning: comparison between pointer and integer
  116 |                 if(*(s+h) == ' ' || (s+h) == '\t' ||(s+h) == '\r' ||(s+h) == '\n') h++;
      |                                           ^~
../Core/Src/main.c:116:59: warning: comparison between pointer and integer
  116 |                 if(*(s+h) == ' ' || (s+h) == '\t' ||(s+h) == '\r' ||(s+h) == '\n') h++;
      |                                                           ^~
../Core/Src/main.c:116:75: warning: comparison between pointer and integer
  116 |                 if(*(s+h) == ' ' || (s+h) == '\t' ||(s+h) == '\r' ||(s+h) == '\n') h++;
      |                                                                           ^~
../Core/Src/main.c:121:43: warning: comparison between pointer and integer
  121 |                 if(*(s+t) == ' ' || (s+t) == '\t' ||(s+t) == '\r' ||(s+t) == '\n') t--;
      |                                           ^~
../Core/Src/main.c:121:59: warning: comparison between pointer and integer
  121 |                 if(*(s+t) == ' ' || (s+t) == '\t' ||(s+t) == '\r' ||(s+t) == '\n') t--;
      |                                                           ^~
../Core/Src/main.c:121:75: warning: comparison between pointer and integer
  121 |                 if(*(s+t) == ' ' || (s+t) == '\t' ||(s+t) == '\r' ||(s+t) == '\n') t--;
      |                                                                           ^~
../Core/Src/main.c:124:9: warning: implicit declaration of function 'strncpy' [-Wimplicit-function-declaration]
  124 |         strncpy(dest, s+h, t - h + 1);
      |         ^~~~~~~
../Core/Src/main.c:124:9: note: include '<string.h>' or provide a declaration of 'strncpy'
../Core/Src/main.c:124:9: warning: incompatible implicit declaration of built-in function 'strncpy' [-Wbuiltin-declaration-mismatch]
../Core/Src/main.c:124:9: note: include '<string.h>' or provide a declaration of 'strncpy'
../Core/Src/main.c: In function 'Trim':
../Core/Src/main.c:128:25: warning: incompatible implicit declaration of built-in function 'strlen' [-Wbuiltin-declaration-mismatch]
  128 |    int head = 0, tail = strlen(s)-1; // -1(remove null)
      |                         ^~~~~~
../Core/Src/main.c:128:25: note: include '<string.h>' or provide a declaration of 'strlen'
../Core/Src/main.c:131:25: warning: implicit declaration of function 'malloc' [-Wimplicit-function-declaration]
  131 |    char *dest = (char *)malloc(tail - head + 1);
      |                         ^~~~~~
../Core/Src/main.c:21:1: note: include '<stdlib.h>' or provide a declaration of 'malloc'
   20 | #include "main.h"
  +++ |+#include <stdlib.h>
   21 | 
../Core/Src/main.c:131:25: warning: incompatible implicit declaration of built-in function 'malloc' [-Wbuiltin-declaration-mismatch]
  131 |    char *dest = (char *)malloc(tail - head + 1);
      |                         ^~~~~~
../Core/Src/main.c:131:25: note: include '<stdlib.h>' or provide a declaration of 'malloc'
../Core/Src/main.c:132:4: warning: incompatible implicit declaration of built-in function 'strncpy' [-Wbuiltin-declaration-mismatch]
  132 |    strncpy(dest, s+head, tail-head+1); // copy s+head to dest,, length = tail-head+1
      |    ^~~~~~~
../Core/Src/main.c:132:4: note: include '<string.h>' or provide a declaration of 'strncpy'
../Core/Src/main.c: At top level:
../Core/Src/main.c:135:6: warning: conflicting types for 'CheckCMD'; have 'void(char *)'
  135 | void CheckCMD(char *bb) // ex) str = "  LED  1  " // need to remove white space -> str = "LED 1"
      |      ^~~~~~~~
../Core/Src/main.c:77:11: note: previous implicit declaration of 'CheckCMD' with type 'void(char *)'
   77 |           CheckCMD(buf1);
      |           ^~~~~~~~
../Core/Src/main.c: In function 'CheckCMD':
../Core/Src/main.c:141:7: warning: implicit declaration of function 'strncmp' [-Wimplicit-function-declaration]
  141 |    if(strncmp(str,"LED", 3) == 0)
      |       ^~~~~~~
../Core/Src/main.c:141:7: note: include '<string.h>' or provide a declaration of 'strncmp'
../Core/Src/main.c:141:26: warning: 'strncmp' argument 3 type is 'int' where 'unsigned int' is expected in a call to built-in function declared without prototype [-Wbuiltin-declaration-mismatch]
  141 |    if(strncmp(str,"LED", 3) == 0)
      |                          ^
<built-in>: note: built-in 'strncmp' declared here
../Core/Src/main.c: In function 'main':
../Core/Src/main.c:190:3: warning: implicit declaration of function 'ProgramStart' [-Wimplicit-function-declaration]
  190 |   ProgramStart("Bluetooth");
      |   ^~~~~~~~~~~~
../Core/Src/main.c:193:32: warning: pointer targets in passing argument 2 of 'HAL_UART_Receive_IT' differ in signedness [-Wpointer-sign]
  193 |   HAL_UART_Receive_IT(&huart1, &dum1, 1);
      |                                ^~~~~
      |                                |
      |                                char *
In file included from ../Core/Inc/stm32f4xx_hal_conf.h:411,
                 from ../Drivers/STM32F4xx_HAL_Driver/Inc/stm32f4xx_hal.h:29,
                 from ../Core/Inc/main.h:30,
                 from ../Core/Src/main.c:20:
../Drivers/STM32F4xx_HAL_Driver/Inc/stm32f4xx_hal_uart.h:748:75: note: expected 'uint8_t *' {aka 'unsigned char *'} but argument is of type 'char *'
  748 | HAL_StatusTypeDef HAL_UART_Receive_IT(UART_HandleTypeDef *huart, uint8_t *pData, uint16_t Size);
      |                                                                  ~~~~~~~~~^~~~~
../Core/Src/main.c:194:32: warning: pointer targets in passing argument 2 of 'HAL_UART_Receive_IT' differ in signedness [-Wpointer-sign]
  194 |   HAL_UART_Receive_IT(&huart2, &dum2, 1);
      |                                ^~~~~
      |                                |
      |                                char *
In file included from ../Core/Inc/stm32f4xx_hal_conf.h:411,
                 from ../Drivers/STM32F4xx_HAL_Driver/Inc/stm32f4xx_hal.h:29,
                 from ../Core/Inc/main.h:30,
                 from ../Core/Src/main.c:20:
../Drivers/STM32F4xx_HAL_Driver/Inc/stm32f4xx_hal_uart.h:748:75: note: expected 'uint8_t *' {aka 'unsigned char *'} but argument is of type 'char *'
  748 | HAL_StatusTypeDef HAL_UART_Receive_IT(UART_HandleTypeDef *huart, uint8_t *pData, uint16_t Size);
      |                                                                  ~~~~~~~~~^~~~~
arm-none-eabi-gcc -o "TEST_009_Bluetooth.elf" @"objects.list"   -mcpu=cortex-m4 -T"C:\Users\user\source\repos\STM32\TEST_009_Bluetooth\STM32F411RETX_FLASH.ld" --specs=nosys.specs -Wl,-Map="TEST_009_Bluetooth.map" -Wl,--gc-sections -static --specs=nano.specs -mfpu=fpv4-sp-d16 -mfloat-abi=hard -mthumb -Wl,--start-group -lc -lm -Wl,--end-group
Finished building target: TEST_009_Bluetooth.elf
 
arm-none-eabi-size  TEST_009_Bluetooth.elf 
arm-none-eabi-objdump -h -S TEST_009_Bluetooth.elf  > "TEST_009_Bluetooth.list"
   text	   data	    bss	    dec	    hex	filename
  20104	    112	   2456	  22672	   5890	TEST_009_Bluetooth.elf
Finished building: default.size.stdout
 
Finished building: TEST_009_Bluetooth.list
 

16:58:24 Build Finished. 0 errors, 30 warnings. (took 590ms)

