15:05:25 **** Incremental Build of configuration Debug for project TEXT_005_LCD_1602 ****
make -j24 all 
arm-none-eabi-gcc "../Core/Src/main.c" -mcpu=cortex-m4 -std=gnu11 -g3 -DDEBUG -DUSE_HAL_DRIVER -DSTM32F411xE -c -I../Core/Inc -I../Drivers/STM32F4xx_HAL_Driver/Inc -I../Drivers/STM32F4xx_HAL_Driver/Inc/Legacy -I../Drivers/CMSIS/Device/ST/STM32F4xx/Include -I../Drivers/CMSIS/Include -O0 -ffunction-sections -fdata-sections -Wall -fstack-usage -fcyclomatic-complexity -MMD -MP -MF"Core/Src/main.d" -MT"Core/Src/main.o" --specs=nano.specs -mfpu=fpv4-sp-d16 -mfloat-abi=hard -mthumb -o "Core/Src/main.o"
../Core/Src/main.c: In function 'main':
../Core/Src/main.c:102:3: warning: implicit declaration of function 'ProgramStart' [-Wimplicit-function-declaration]
  102 |   ProgramStart("LCD_1602");
      |   ^~~~~~~~~~~~
../Core/Src/main.c:103:3: warning: implicit declaration of function 'i2c_init' [-Wimplicit-function-declaration]
  103 |   i2c_init(&hi2c1);
      |   ^~~~~~~~
../Core/Src/main.c:104:3: warning: implicit declaration of function 'i2c_scan' [-Wimplicit-function-declaration]
  104 |   i2c_scan();
      |   ^~~~~~~~
../Core/Src/main.c:106:3: warning: implicit declaration of function 'LCD_init' [-Wimplicit-function-declaration]
  106 |   LCD_init();
      |   ^~~~~~~~
../Core/Src/main.c:120:11: warning: implicit declaration of function 'printf' [-Wimplicit-function-declaration]
  120 |           printf("Scanf test, input any number : ");
      |           ^~~~~~
../Core/Src/main.c:21:1: note: include '<stdio.h>' or provide a declaration of 'printf'
   20 | #include "main.h"
  +++ |+#include <stdio.h>
   21 | 
../Core/Src/main.c:120:11: warning: incompatible implicit declaration of built-in function 'printf' [-Wbuiltin-declaration-mismatch]
  120 |           printf("Scanf test, input any number : ");
      |           ^~~~~~
../Core/Src/main.c:120:11: note: include '<stdio.h>' or provide a declaration of 'printf'
../Core/Src/main.c:121:11: warning: implicit declaration of function 'scanf' [-Wimplicit-function-declaration]
  121 |           scanf("%d", &i);
      |           ^~~~~
../Core/Src/main.c:121:11: note: include '<stdio.h>' or provide a declaration of 'scanf'
../Core/Src/main.c:121:11: warning: incompatible implicit declaration of built-in function 'scanf' [-Wbuiltin-declaration-mismatch]
../Core/Src/main.c:121:11: note: include '<stdio.h>' or provide a declaration of 'scanf'
../Core/Src/main.c:122:11: warning: implicit declaration of function 'sprintf' [-Wimplicit-function-declaration]
  122 |           sprintf(buf,"%d", i);
      |           ^~~~~~~
../Core/Src/main.c:122:11: note: include '<stdio.h>' or provide a declaration of 'sprintf'
../Core/Src/main.c:122:11: warning: incompatible implicit declaration of built-in function 'sprintf' [-Wbuiltin-declaration-mismatch]
../Core/Src/main.c:122:11: note: include '<stdio.h>' or provide a declaration of 'sprintf'
../Core/Src/main.c:123:11: warning: implicit declaration of function 'LCD_printEx2' [-Wimplicit-function-declaration]
  123 |           LCD_printEx2(buf);
      |           ^~~~~~~~~~~~
arm-none-eabi-gcc -o "TEXT_005_LCD_1602.elf" @"objects.list"   -mcpu=cortex-m4 -T"C:\Users\user\source\repos\STM32\TEXT_005_LCD_1602\STM32F411RETX_FLASH.ld" --specs=nosys.specs -Wl,-Map="TEXT_005_LCD_1602.map" -Wl,--gc-sections -static --specs=nano.specs -mfpu=fpv4-sp-d16 -mfloat-abi=hard -mthumb -Wl,--start-group -lc -lm -Wl,--end-group
Finished building target: TEXT_005_LCD_1602.elf
 
arm-none-eabi-size  TEXT_005_LCD_1602.elf 
arm-none-eabi-objdump -h -S TEXT_005_LCD_1602.elf  > "TEXT_005_LCD_1602.list"
   text	   data	    bss	    dec	    hex	filename
  23564	    112	   2160	  25836	   64ec	TEXT_005_LCD_1602.elf
Finished building: default.size.stdout
 
Finished building: TEXT_005_LCD_1602.list
 

15:05:26 Build Finished. 0 errors, 11 warnings. (took 738ms)

